Microchip MPLAB XC8 Compiler V1.36 ()

Linker command line:

-W-3 --edf=Q:\Program Files (x86)\Microchip\xc8\v1.36\dat\en_msgs.txt -cs \
  -h+dist/default/production\Slave.X.production.sym \
  --cmf=dist/default/production\Slave.X.production.cmf -z -Q16F1825 \
  -oC:\Users\CANERG~1\AppData\Local\Temp\s8ng.2 \
  -Mdist/default/production/Slave.X.production.map -E1 -ver=XC8 \
  -ASTACK=0200Ah-023efh -pstack=STACK -ACODE=00h-07FFhx4 \
  -ASTRCODE=00h-01FFFh -ASTRING=00h-0FFhx32 -ACONST=00h-0FFhx32 \
  -AENTRY=00h-0FFhx32 -ACOMMON=070h-07Fh -ABANK0=020h-06Fh \
  -ABANK1=0A0h-0EFh -ABANK2=0120h-016Fh -ABANK3=01A0h-01EFh \
  -ABANK4=0220h-026Fh -ABANK5=02A0h-02EFh -ABANK6=0320h-036Fh \
  -ABANK7=03A0h-03EFh -ABANK8=0420h-046Fh -ABANK9=04A0h-04EFh \
  -ABANK10=0520h-056Fh -ABANK11=05A0h-05EFh -ABANK12=0620h-064Fh \
  -ABIGRAM=02000h-023EFh \
  -ARAM=020h-06Fh,0A0h-0EFh,0120h-016Fh,01A0h-01EFh,0220h-026Fh,02A0h-02EFh,0320h-036Fh,03A0h-03EFh,0420h-046Fh,04A0h-04EFh,0520h-056Fh,05A0h-05EFh,0620h-064Fh \
  -AABS1=020h-07Fh,0A0h-0EFh,0120h-016Fh,01A0h-01EFh,0220h-026Fh,02A0h-02EFh,0320h-036Fh,03A0h-03EFh,0420h-046Fh,04A0h-04EFh,0520h-056Fh,05A0h-05EFh,0620h-064Fh \
  -ASFR0=00h-01Fh -ASFR1=080h-09Fh -ASFR2=0100h-011Fh -ASFR3=0180h-019Fh \
  -ASFR4=0200h-021Fh -ASFR5=0280h-029Fh -ASFR6=0300h-031Fh \
  -ASFR7=0380h-039Fh -ASFR8=0400h-041Fh -ASFR9=0480h-049Fh \
  -ASFR10=0500h-051Fh -ASFR11=0580h-059Fh -ASFR12=0600h-061Fh \
  -ASFR13=0680h-06EFh -ASFR14=0700h-076Fh -ASFR15=0780h-07EFh \
  -ASFR16=0800h-086Fh -ASFR17=0880h-08EFh -ASFR18=0900h-096Fh \
  -ASFR19=0980h-09EFh -ASFR20=0A00h-0A6Fh -ASFR21=0A80h-0AEFh \
  -ASFR22=0B00h-0B6Fh -ASFR23=0B80h-0BEFh -ASFR24=0C00h-0C6Fh \
  -ASFR25=0C80h-0CEFh -ASFR26=0D00h-0D6Fh -ASFR27=0D80h-0DEFh \
  -ASFR28=0E00h-0E6Fh -ASFR29=0E80h-0EEFh -ASFR30=0F00h-0F6Fh \
  -ASFR31=0F80h-0FEFh -preset_vec=00h,intentry=04h,init,end_init \
  -ppowerup=CODE -pcinit=CODE -pfunctab=CODE -ACONFIG=08007h-08008h \
  -pconfig=CONFIG -DCONFIG=2 -AIDLOC=08000h-08003h -pidloc=IDLOC -DIDLOC=2 \
  -AEEDATA=00h-0FFh/0F000h -peeprom_data=EEDATA -DEEDATA=2 -DCODE=2 \
  -DSTRCODE=2 -DSTRING=2 -DCONST=2 -DENTRY=2 -k \
  C:\Users\CANERG~1\AppData\Local\Temp\s8ng.obj \
  dist/default/production\Slave.X.production.obj 

Object code version is 3.11

Machine type is 16F1825



                Name                               Link     Load   Length Selector   Space Scale
C:\Users\CANERG~1\AppData\Local\Temp\s8ng.obj
                end_init                            108      108        2        8       0
                reset_vec                             0        0        2        0       0
                config                             8007     8007        2    1000E       0
dist/default/production\Slave.X.production.obj
                cinit                               10A      10A       11        8       0
                intentry                              4        4      104        8       0
                text8                               21E      21E        6      42E       0
                text7                               217      217        7      42E       0
                text5                               1DE      1DE       15        8       0
                swtext1                             207      207       10      40E       0
                text4                               176      176       32        8       0
                text3                               1F3      1F3       14        8       0
                text2                               1A8      1A8       1D        8       0
                text1                               1C5      1C5       19        8       0
                maintext                            11B      11B       5B        8       0
                cstackBANK0                          20       20        6       20       1
                cstackCOMMON                         70       70        6       70       1
                bssBANK0                             26       26        4       20       1
                dataCOMMON                           78       78        2       70       1
                bssCOMMON                            76       76        2       70       1
                stringtext                          226      226        2      44C       0
                idataCOMMON                         224      224        2      42E       0

TOTAL           Name                               Link     Load   Length     Space
        CLASS   STACK          

        CLASS   CODE           
                end_init                            108      108        2         0
                cinit                               10A      10A       11         0
                intentry                              4        4      104         0
                reset_vec                             0        0        2         0
                text8                               21E      21E        6         0
                text7                               217      217        7         0
                text5                               1DE      1DE       15         0
                text4                               176      176       32         0
                text3                               1F3      1F3       14         0
                text2                               1A8      1A8       1D         0
                text1                               1C5      1C5       19         0
                maintext                            11B      11B       5B         0
                idataCOMMON                         224      224        2         0

        CLASS   STRCODE        
                stringtext                          226      226        2         0

        CLASS   STRING         

        CLASS   CONST          
                swtext1                             207      207       10         0

        CLASS   ENTRY          

        CLASS   COMMON         
                cstackCOMMON                         70       70        6         1
                dataCOMMON                           78       78        2         1
                bssCOMMON                            76       76        2         1

        CLASS   BANK0          
                cstackBANK0                          20       20        6         1
                bssBANK0                             26       26        4         1

        CLASS   BANK1          

        CLASS   BANK2          

        CLASS   BANK3          

        CLASS   BANK4          

        CLASS   BANK5          

        CLASS   BANK6          

        CLASS   BANK7          

        CLASS   BANK8          

        CLASS   BANK9          

        CLASS   BANK10         

        CLASS   BANK11         

        CLASS   BANK12         

        CLASS   BIGRAM         

        CLASS   RAM            

        CLASS   ABS1           
                abs_s1                               7E       7E        2         1

        CLASS   SFR0           

        CLASS   SFR1           

        CLASS   SFR2           

        CLASS   SFR3           

        CLASS   SFR4           

        CLASS   SFR5           

        CLASS   SFR6           

        CLASS   SFR7           

        CLASS   SFR8           

        CLASS   SFR9           

        CLASS   SFR10          

        CLASS   SFR11          

        CLASS   SFR12          

        CLASS   SFR13          

        CLASS   SFR14          

        CLASS   SFR15          

        CLASS   SFR16          

        CLASS   SFR17          

        CLASS   SFR18          

        CLASS   SFR19          

        CLASS   SFR20          

        CLASS   SFR21          

        CLASS   SFR22          

        CLASS   SFR23          

        CLASS   SFR24          

        CLASS   SFR25          

        CLASS   SFR26          

        CLASS   SFR27          

        CLASS   SFR28          

        CLASS   SFR29          

        CLASS   SFR30          

        CLASS   SFR31          

        CLASS   CONFIG         
                config                             8007     8007        2         0

        CLASS   IDLOC          

        CLASS   EEDATA         

        CLASS   BANK31         

        CLASS   BANK30         

        CLASS   BANK29         

        CLASS   BANK28         

        CLASS   BANK27         

        CLASS   BANK26         

        CLASS   BANK25         

        CLASS   BANK24         

        CLASS   BANK23         

        CLASS   BANK22         

        CLASS   BANK21         

        CLASS   BANK20         

        CLASS   BANK19         

        CLASS   BANK18         

        CLASS   BANK17         

        CLASS   BANK16         

        CLASS   BANK15         

        CLASS   BANK14         

        CLASS   BANK13         



SEGMENTS        Name                           Load    Length   Top    Selector   Space  Class     Delta

                reset_vec                      000000  000002  000002         0       0  CODE        2
                intentry                       000004  000203  000207         8       0  CODE        2
                cstackBANK0                    000020  00000A  00002A        20       1  BANK0       1
                cstackCOMMON                   000070  00000A  00007A        70       1  COMMON      1
                swtext1                        000207  000010  000217       40E       0  CONST       2
                text7                          000217  00000F  000226       42E       0  CODE        2
                stringtext                     000226  000002  000228       44C       0  STRCODE     2
                config                         008007  000002  008009     1000E       0  CONFIG      2


UNUSED ADDRESS RANGES

        Name                Unused          Largest block    Delta
        BANK0            0002A-0006F              46           1
        BANK1            000A0-000EF              50           1
        BANK10           00520-0056F              50           1
        BANK11           005A0-005EF              50           1
        BANK12           00620-0064F              30           1
        BANK2            00120-0016F              50           1
        BANK3            001A0-001EF              50           1
        BANK4            00220-0026F              50           1
        BANK5            002A0-002EF              50           1
        BANK6            00320-0036F              50           1
        BANK7            003A0-003EF              50           1
        BANK8            00420-0046F              50           1
        BANK9            004A0-004EF              50           1
        BIGRAM           02000-023EF             3F0           1
        CODE             00002-00003               2           2
                         00228-01FFF             800
        COMMON           0007A-0007D               4           1
        CONST            00002-00003               2           2
                         00228-01FFF             100
        EEDATA           0F000-0F0FF             100           2
        ENTRY            00002-00003               2           2
                         00228-01FFF             100
        IDLOC            08000-08003               4           2
        RAM              0002A-0006F              46           1
                         000A0-000EF              50
                         00120-0016F              50
                         001A0-001EF              50
                         00220-0026F              50
                         002A0-002EF              50
                         00320-0036F              50
                         003A0-003EF              50
                         00420-0046F              50
                         004A0-004EF              50
                         00520-0056F              50
                         005A0-005EF              50
                         00620-0064F              30
        SFR0             00000-0001F              20           1
        SFR1             00080-0009F              20           1
        SFR10            00500-0051F              20           1
        SFR11            00580-0059F              20           1
        SFR12            00600-0061F              20           1
        SFR13            00680-006EF              70           1
        SFR14            00700-0076F              70           1
        SFR15            00780-007EF              70           1
        SFR16            00800-0086F              70           1
        SFR17            00880-008EF              70           1
        SFR18            00900-0096F              70           1
        SFR19            00980-009EF              70           1
        SFR2             00100-0011F              20           1
        SFR20            00A00-00A6F              70           1
        SFR21            00A80-00AEF              70           1
        SFR22            00B00-00B6F              70           1
        SFR23            00B80-00BEF              70           1
        SFR24            00C00-00C6F              70           1
        SFR25            00C80-00CEF              70           1
        SFR26            00D00-00D6F              70           1
        SFR27            00D80-00DEF              70           1
        SFR28            00E00-00E6F              70           1
        SFR29            00E80-00EEF              70           1
        SFR3             00180-0019F              20           1
        SFR30            00F00-00F6F              70           1
        SFR31            00F80-00FEF              70           1
        SFR4             00200-0021F              20           1
        SFR5             00280-0029F              20           1
        SFR6             00300-0031F              20           1
        SFR7             00380-0039F              20           1
        SFR8             00400-0041F              20           1
        SFR9             00480-0049F              20           1
        STACK            0200A-023EF             3E6           1
        STRCODE          00002-00003               2           2
                         00228-01FFF            1DD8
        STRING           00002-00003               2           2
                         00228-01FFF             100

                                  Symbol Table

?_adc_read                cstackBANK0  00020
_ADCON0                   (abs)        0009D
_ADCON0bits               (abs)        0009D
_ADCON1bits               (abs)        0009E
_ADRESH                   (abs)        0009C
_ADRESL                   (abs)        0009B
_ANSELA                   (abs)        0018C
_APFCON0bits              (abs)        0011D
_BAUDCONbits              (abs)        0019F
_FVRCON                   (abs)        00117
_INTCONbits               (abs)        0000B
_LATC0                    (abs)        00870
_LATC1                    (abs)        00871
_LATC2                    (abs)        00872
_OSCCON                   (abs)        00099
_PIE1bits                 (abs)        00091
_PIR1bits                 (abs)        00011
_PORTC                    (abs)        0000E
_RCIF                     (abs)        0008D
_RCREG                    (abs)        00199
_RCSTAbits                (abs)        0019D
_SPBRG                    (abs)        0019B
_TRISA                    (abs)        0008C
_TRISC0                   (abs)        00470
_TRISC1                   (abs)        00471
_TRISC2                   (abs)        00472
_TRMT                     (abs)        00CF1
_TXREG                    (abs)        0019A
_TXSTAbits                (abs)        0019E
__CFG_BOREN$OFF           (abs)        00000
__CFG_BORV$LO             (abs)        00000
__CFG_CLKOUTEN$OFF        (abs)        00000
__CFG_CP$OFF              (abs)        00000
__CFG_CPD$OFF             (abs)        00000
__CFG_FCMEN$OFF           (abs)        00000
__CFG_FOSC$INTOSC         (abs)        00000
__CFG_IESO$OFF            (abs)        00000
__CFG_LVP$OFF             (abs)        00000
__CFG_MCLRE$ON            (abs)        00000
__CFG_PLLEN$OFF           (abs)        00000
__CFG_PWRTE$OFF           (abs)        00000
__CFG_STVREN$OFF          (abs)        00000
__CFG_WDTE$OFF            (abs)        00000
__CFG_WRT$OFF             (abs)        00000
__Habs1                   abs1         00000
__Hbank0                  bank0        00000
__Hbank1                  bank1        00000
__Hbank10                 bank10       00000
__Hbank11                 bank11       00000
__Hbank12                 bank12       00000
__Hbank13                 bank13       00000
__Hbank14                 bank14       00000
__Hbank15                 bank15       00000
__Hbank16                 bank16       00000
__Hbank17                 bank17       00000
__Hbank18                 bank18       00000
__Hbank19                 bank19       00000
__Hbank2                  bank2        00000
__Hbank20                 bank20       00000
__Hbank21                 bank21       00000
__Hbank22                 bank22       00000
__Hbank23                 bank23       00000
__Hbank24                 bank24       00000
__Hbank25                 bank25       00000
__Hbank26                 bank26       00000
__Hbank27                 bank27       00000
__Hbank28                 bank28       00000
__Hbank29                 bank29       00000
__Hbank3                  bank3        00000
__Hbank30                 bank30       00000
__Hbank31                 bank31       00000
__Hbank4                  bank4        00000
__Hbank5                  bank5        00000
__Hbank6                  bank6        00000
__Hbank7                  bank7        00000
__Hbank8                  bank8        00000
__Hbank9                  bank9        00000
__Hbigram                 bigram       00000
__HbssBANK0               bssBANK0     00000
__HbssCOMMON              bssCOMMON    00000
__Hcinit                  cinit        0011B
__Hclrtext                clrtext      00000
__Hcode                   code         00000
__Hcommon                 common       00000
__Hconfig                 config       08009
__HcstackBANK0            cstackBANK0  00000
__HcstackCOMMON           cstackCOMMON 00000
__HdataCOMMON             dataCOMMON   00000
__Heeprom_data            eeprom_data  00000
__Hend_init               end_init     0010A
__Hfunctab                functab      00000
__HidataCOMMON            idataCOMMON  00000
__Hidloc                  idloc        00000
__Hinit                   init         00108
__Hintentry               intentry     00108
__Hmaintext               maintext     00000
__Hpowerup                powerup      00000
__Hram                    ram          00000
__Hreset_vec              reset_vec    00002
__Hsfr0                   sfr0         00000
__Hsfr1                   sfr1         00000
__Hsfr10                  sfr10        00000
__Hsfr11                  sfr11        00000
__Hsfr12                  sfr12        00000
__Hsfr13                  sfr13        00000
__Hsfr14                  sfr14        00000
__Hsfr15                  sfr15        00000
__Hsfr16                  sfr16        00000
__Hsfr17                  sfr17        00000
__Hsfr18                  sfr18        00000
__Hsfr19                  sfr19        00000
__Hsfr2                   sfr2         00000
__Hsfr20                  sfr20        00000
__Hsfr21                  sfr21        00000
__Hsfr22                  sfr22        00000
__Hsfr23                  sfr23        00000
__Hsfr24                  sfr24        00000
__Hsfr25                  sfr25        00000
__Hsfr26                  sfr26        00000
__Hsfr27                  sfr27        00000
__Hsfr28                  sfr28        00000
__Hsfr29                  sfr29        00000
__Hsfr3                   sfr3         00000
__Hsfr30                  sfr30        00000
__Hsfr31                  sfr31        00000
__Hsfr4                   sfr4         00000
__Hsfr5                   sfr5         00000
__Hsfr6                   sfr6         00000
__Hsfr7                   sfr7         00000
__Hsfr8                   sfr8         00000
__Hsfr9                   sfr9         00000
__Hspace_0                (abs)        08009
__Hspace_1                (abs)        0007A
__Hspace_2                (abs)        00000
__Hspace_3                (abs)        00000
__Hstack                  stack        00000
__Hstrings                strings      00000
__Hstringtext             stringtext   00000
__Htext                   text         00000
__Labs1                   abs1         00000
__Lbank0                  bank0        00000
__Lbank1                  bank1        00000
__Lbank10                 bank10       00000
__Lbank11                 bank11       00000
__Lbank12                 bank12       00000
__Lbank13                 bank13       00000
__Lbank14                 bank14       00000
__Lbank15                 bank15       00000
__Lbank16                 bank16       00000
__Lbank17                 bank17       00000
__Lbank18                 bank18       00000
__Lbank19                 bank19       00000
__Lbank2                  bank2        00000
__Lbank20                 bank20       00000
__Lbank21                 bank21       00000
__Lbank22                 bank22       00000
__Lbank23                 bank23       00000
__Lbank24                 bank24       00000
__Lbank25                 bank25       00000
__Lbank26                 bank26       00000
__Lbank27                 bank27       00000
__Lbank28                 bank28       00000
__Lbank29                 bank29       00000
__Lbank3                  bank3        00000
__Lbank30                 bank30       00000
__Lbank31                 bank31       00000
__Lbank4                  bank4        00000
__Lbank5                  bank5        00000
__Lbank6                  bank6        00000
__Lbank7                  bank7        00000
__Lbank8                  bank8        00000
__Lbank9                  bank9        00000
__Lbigram                 bigram       00000
__LbssBANK0               bssBANK0     00000
__LbssCOMMON              bssCOMMON    00000
__Lcinit                  cinit        0010A
__Lclrtext                clrtext      00000
__Lcode                   code         00000
__Lcommon                 common       00000
__Lconfig                 config       08007
__LcstackBANK0            cstackBANK0  00000
__LcstackCOMMON           cstackCOMMON 00000
__LdataCOMMON             dataCOMMON   00000
__Leeprom_data            eeprom_data  00000
__Lend_init               end_init     00108
__Lfunctab                functab      00000
__LidataCOMMON            idataCOMMON  00000
__Lidloc                  idloc        00000
__Linit                   init         00108
__Lintentry               intentry     00004
__Lmaintext               maintext     00000
__Lpowerup                powerup      00000
__Lram                    ram          00000
__Lreset_vec              reset_vec    00000
__Lsfr0                   sfr0         00000
__Lsfr1                   sfr1         00000
__Lsfr10                  sfr10        00000
__Lsfr11                  sfr11        00000
__Lsfr12                  sfr12        00000
__Lsfr13                  sfr13        00000
__Lsfr14                  sfr14        00000
__Lsfr15                  sfr15        00000
__Lsfr16                  sfr16        00000
__Lsfr17                  sfr17        00000
__Lsfr18                  sfr18        00000
__Lsfr19                  sfr19        00000
__Lsfr2                   sfr2         00000
__Lsfr20                  sfr20        00000
__Lsfr21                  sfr21        00000
__Lsfr22                  sfr22        00000
__Lsfr23                  sfr23        00000
__Lsfr24                  sfr24        00000
__Lsfr25                  sfr25        00000
__Lsfr26                  sfr26        00000
__Lsfr27                  sfr27        00000
__Lsfr28                  sfr28        00000
__Lsfr29                  sfr29        00000
__Lsfr3                   sfr3         00000
__Lsfr30                  sfr30        00000
__Lsfr31                  sfr31        00000
__Lsfr4                   sfr4         00000
__Lsfr5                   sfr5         00000
__Lsfr6                   sfr6         00000
__Lsfr7                   sfr7         00000
__Lsfr8                   sfr8         00000
__Lsfr9                   sfr9         00000
__Lspace_0                (abs)        00000
__Lspace_1                (abs)        00000
__Lspace_2                (abs)        00000
__Lspace_3                (abs)        00000
__Lstack                  stack        00000
__Lstrings                strings      00000
__Lstringtext             stringtext   00000
__Ltext                   text         00000
__S0                      (abs)        08009
__S1                      (abs)        0007A
__S2                      (abs)        00000
__S3                      (abs)        00000
___int_sp                 stack        00000
___latbits                (abs)        00002
___sp                     stack        00000
__end_of__initialization  cinit        00117
__end_of_adc_init         text5        001F3
__end_of_adc_pin_select   text4        001A8
__end_of_adc_read         text3        00207
__end_of_baudrate         text2        001C5
__end_of_main             maintext     00176
__end_of_slave_number     stringtext   00228
__end_of_uart             intentry     00108
__end_of_uart_init        text1        001DE
__end_of_uart_read        text8        00224
__end_of_uart_write       text7        0021E
__initialization          cinit        0010A
__pbssBANK0               bssBANK0     00026
__pbssCOMMON              bssCOMMON    00076
__pcstackBANK0            cstackBANK0  00020
__pcstackCOMMON           cstackCOMMON 00070
__pdataCOMMON             dataCOMMON   00078
__pidataCOMMON            idataCOMMON  00224
__pintentry               intentry     00004
__pmaintext               maintext     0011B
__pstringtext             stringtext   00226
__pswtext1                swtext1      00207
__ptext1                  text1        001C5
__ptext2                  text2        001A8
__ptext3                  text3        001F3
__ptext4                  text4        00176
__ptext5                  text5        001DE
__ptext7                  text7        00217
__ptext8                  text8        0021E
__size_of_adc_init        (abs)        00000
__size_of_adc_pin_select  (abs)        00000
__size_of_adc_read        (abs)        00000
__size_of_baudrate        (abs)        00000
__size_of_main            (abs)        00000
__size_of_uart            (abs)        00000
__size_of_uart_init       (abs)        00000
__size_of_uart_read       (abs)        00000
__size_of_uart_write      (abs)        00000
_adc_init                 text5        001DE
_adc_pin_select           text4        00176
_adc_read                 text3        001F3
_baudrate                 text2        001A8
_main                     maintext     0011B
_receive_data             bssCOMMON    00076
_slave_number             stringtext   00226
_temp_adc_value           bssBANK0     00026
_uart                     intentry     00004
_uart_init                text1        001C5
_uart_read                text8        0021E
_uart_write               text7        00217
_voltage_adc_value        bssBANK0     00028
adc_pin_select@pin_number cstackBANK0  00020
adc_read@adc_value        cstackBANK0  00023
baudrate@baudrate         cstackBANK0  00020
btemp                     (abs)        0007E
end_of_initialization     cinit        00117
int$flags                 (abs)        0007E
intlevel0                 functab      00000
intlevel1                 functab      00000
intlevel2                 functab      00000
intlevel3                 functab      00000
intlevel4                 functab      00000
intlevel5                 functab      00000
ltemp                     (abs)        0007E
ltemp0                    (abs)        0007E
ltemp1                    (abs)        00082
ltemp2                    (abs)        00086
ltemp3                    (abs)        00080
reset_vec                 reset_vec    00000
stackhi                   (abs)        023EF
stacklo                   (abs)        0200A
start                     init         00108
start_initialization      cinit        0010A
ttemp                     (abs)        0007E
ttemp0                    (abs)        0007E
ttemp1                    (abs)        00081
ttemp2                    (abs)        00084
ttemp3                    (abs)        00087
ttemp4                    (abs)        0007F
uart_write@data           cstackCOMMON 00070
wtemp                     (abs)        0007E
wtemp0                    (abs)        0007E
wtemp1                    (abs)        00080
wtemp2                    (abs)        00082
wtemp3                    (abs)        00084
wtemp4                    (abs)        00086
wtemp5                    (abs)        00088
wtemp6                    (abs)        0007F


FUNCTION INFORMATION:

 *************** function _main *****************
 Defined at:
		line 62 in file "Slave1.c"
 Parameters:    Size  Location     Type
		None
 Auto vars:     Size  Location     Type
		None
 Return value:  Size  Location     Type
                  2  116[None  ] int 
 Registers used:
		wreg, fsr0l, fsr0h, status,2, status,0, pclath, cstack
 Tracked objects:
		On entry : 
		On exit  : 
		Unchanged: 
 Data sizes:     COMMON   BANK0   BANK1   BANK2   BANK3   BANK4   BANK5   BANK6   BANK7   BANK8   BANK9  BANK10  BANK11  BANK12
      Params:         0       0       0       0       0       0       0       0       0       0       0       0       0       0
      Locals:         0       0       0       0       0       0       0       0       0       0       0       0       0       0
      Temps:          0       1       0       0       0       0       0       0       0       0       0       0       0       0
      Totals:         0       1       0       0       0       0       0       0       0       0       0       0       0       0
Total ram usage:        1 bytes
 Hardware stack levels required when called:    3
 This function calls:
		_adc_init
		_adc_pin_select
		_adc_read
		_baudrate
		_uart_init
 This function is called by:
		Startup code after reset
 This function uses a non-reentrant model


 *************** function _uart_init *****************
 Defined at:
		line 1 in file "16f1825_uart_lib.h"
 Parameters:    Size  Location     Type
		None
 Auto vars:     Size  Location     Type
		None
 Return value:  Size  Location     Type
                  1    wreg      void 
 Registers used:
		None
 Tracked objects:
		On entry : 
		On exit  : 
		Unchanged: 
 Data sizes:     COMMON   BANK0   BANK1   BANK2   BANK3   BANK4   BANK5   BANK6   BANK7   BANK8   BANK9  BANK10  BANK11  BANK12
      Params:         0       0       0       0       0       0       0       0       0       0       0       0       0       0
      Locals:         0       0       0       0       0       0       0       0       0       0       0       0       0       0
      Temps:          0       0       0       0       0       0       0       0       0       0       0       0       0       0
      Totals:         0       0       0       0       0       0       0       0       0       0       0       0       0       0
Total ram usage:        0 bytes
 Hardware stack levels used:    1
 Hardware stack levels required when called:    2
 This function calls:
		Nothing
 This function is called by:
		_main
 This function uses a non-reentrant model


 *************** function _baudrate *****************
 Defined at:
		line 38 in file "16f1825_uart_lib.h"
 Parameters:    Size  Location     Type
  baudrate        4    0[BANK0 ] long 
 Auto vars:     Size  Location     Type
		None
 Return value:  Size  Location     Type
                  1    wreg      void 
 Registers used:
		wreg, fsr0l, fsr0h, status,2, status,0
 Tracked objects:
		On entry : 
		On exit  : 
		Unchanged: 
 Data sizes:     COMMON   BANK0   BANK1   BANK2   BANK3   BANK4   BANK5   BANK6   BANK7   BANK8   BANK9  BANK10  BANK11  BANK12
      Params:         0       4       0       0       0       0       0       0       0       0       0       0       0       0
      Locals:         0       0       0       0       0       0       0       0       0       0       0       0       0       0
      Temps:          0       0       0       0       0       0       0       0       0       0       0       0       0       0
      Totals:         0       4       0       0       0       0       0       0       0       0       0       0       0       0
Total ram usage:        4 bytes
 Hardware stack levels used:    1
 Hardware stack levels required when called:    2
 This function calls:
		Nothing
 This function is called by:
		_main
 This function uses a non-reentrant model


 *************** function _adc_read *****************
 Defined at:
		line 57 in file "16f1825_adc_lib.h"
 Parameters:    Size  Location     Type
		None
 Auto vars:     Size  Location     Type
  adc_value       2    3[BANK0 ] int 
 Return value:  Size  Location     Type
                  2    0[BANK0 ] int 
 Registers used:
		wreg
 Tracked objects:
		On entry : 
		On exit  : 
		Unchanged: 
 Data sizes:     COMMON   BANK0   BANK1   BANK2   BANK3   BANK4   BANK5   BANK6   BANK7   BANK8   BANK9  BANK10  BANK11  BANK12
      Params:         0       2       0       0       0       0       0       0       0       0       0       0       0       0
      Locals:         0       2       0       0       0       0       0       0       0       0       0       0       0       0
      Temps:          0       1       0       0       0       0       0       0       0       0       0       0       0       0
      Totals:         0       5       0       0       0       0       0       0       0       0       0       0       0       0
Total ram usage:        5 bytes
 Hardware stack levels used:    1
 Hardware stack levels required when called:    2
 This function calls:
		Nothing
 This function is called by:
		_main
 This function uses a non-reentrant model


 *************** function _adc_pin_select *****************
 Defined at:
		line 15 in file "16f1825_adc_lib.h"
 Parameters:    Size  Location     Type
  pin_number      2    0[BANK0 ] int 
 Auto vars:     Size  Location     Type
		None
 Return value:  Size  Location     Type
                  1    wreg      void 
 Registers used:
		wreg, fsr0l, fsr0h, status,2, status,0
 Tracked objects:
		On entry : 
		On exit  : 
		Unchanged: 
 Data sizes:     COMMON   BANK0   BANK1   BANK2   BANK3   BANK4   BANK5   BANK6   BANK7   BANK8   BANK9  BANK10  BANK11  BANK12
      Params:         0       2       0       0       0       0       0       0       0       0       0       0       0       0
      Locals:         0       0       0       0       0       0       0       0       0       0       0       0       0       0
      Temps:          0       0       0       0       0       0       0       0       0       0       0       0       0       0
      Totals:         0       2       0       0       0       0       0       0       0       0       0       0       0       0
Total ram usage:        2 bytes
 Hardware stack levels used:    1
 Hardware stack levels required when called:    2
 This function calls:
		Nothing
 This function is called by:
		_main
 This function uses a non-reentrant model


 *************** function _adc_init *****************
 Defined at:
		line 1 in file "16f1825_adc_lib.h"
 Parameters:    Size  Location     Type
		None
 Auto vars:     Size  Location     Type
		None
 Return value:  Size  Location     Type
                  1    wreg      void 
 Registers used:
		wreg, status,2, status,0
 Tracked objects:
		On entry : 
		On exit  : 
		Unchanged: 
 Data sizes:     COMMON   BANK0   BANK1   BANK2   BANK3   BANK4   BANK5   BANK6   BANK7   BANK8   BANK9  BANK10  BANK11  BANK12
      Params:         0       0       0       0       0       0       0       0       0       0       0       0       0       0
      Locals:         0       0       0       0       0       0       0       0       0       0       0       0       0       0
      Temps:          0       1       0       0       0       0       0       0       0       0       0       0       0       0
      Totals:         0       1       0       0       0       0       0       0       0       0       0       0       0       0
Total ram usage:        1 bytes
 Hardware stack levels used:    1
 Hardware stack levels required when called:    2
 This function calls:
		Nothing
 This function is called by:
		_main
 This function uses a non-reentrant model


 *************** function _uart *****************
 Defined at:
		line 14 in file "Slave1.c"
 Parameters:    Size  Location     Type
		None
 Auto vars:     Size  Location     Type
		None
 Return value:  Size  Location     Type
                  1    wreg      void 
 Registers used:
		wreg, fsr0l, fsr0h, status,2, status,0, pclath, cstack
 Tracked objects:
		On entry : 
		On exit  : 
		Unchanged: 
 Data sizes:     COMMON   BANK0   BANK1   BANK2   BANK3   BANK4   BANK5   BANK6   BANK7   BANK8   BANK9  BANK10  BANK11  BANK12
      Params:         0       0       0       0       0       0       0       0       0       0       0       0       0       0
      Locals:         0       0       0       0       0       0       0       0       0       0       0       0       0       0
      Temps:          5       0       0       0       0       0       0       0       0       0       0       0       0       0
      Totals:         5       0       0       0       0       0       0       0       0       0       0       0       0       0
Total ram usage:        5 bytes
 Hardware stack levels used:    1
 Hardware stack levels required when called:    1
 This function calls:
		_uart_read
		_uart_write
 This function is called by:
		Interrupt level 1
 This function uses a non-reentrant model


 *************** function _uart_write *****************
 Defined at:
		line 48 in file "16f1825_uart_lib.h"
 Parameters:    Size  Location     Type
  data            1    wreg     unsigned char 
 Auto vars:     Size  Location     Type
  data            1    0[COMMON] unsigned char 
 Return value:  Size  Location     Type
                  1    wreg      void 
 Registers used:
		wreg
 Tracked objects:
		On entry : 
		On exit  : 
		Unchanged: 
 Data sizes:     COMMON   BANK0   BANK1   BANK2   BANK3   BANK4   BANK5   BANK6   BANK7   BANK8   BANK9  BANK10  BANK11  BANK12
      Params:         0       0       0       0       0       0       0       0       0       0       0       0       0       0
      Locals:         1       0       0       0       0       0       0       0       0       0       0       0       0       0
      Temps:          0       0       0       0       0       0       0       0       0       0       0       0       0       0
      Totals:         1       0       0       0       0       0       0       0       0       0       0       0       0       0
Total ram usage:        1 bytes
 Hardware stack levels used:    1
 This function calls:
		Nothing
 This function is called by:
		_uart
 This function uses a non-reentrant model


 *************** function _uart_read *****************
 Defined at:
		line 53 in file "16f1825_uart_lib.h"
 Parameters:    Size  Location     Type
		None
 Auto vars:     Size  Location     Type
		None
 Return value:  Size  Location     Type
                  1    wreg      unsigned char 
 Registers used:
		wreg
 Tracked objects:
		On entry : 
		On exit  : 
		Unchanged: 
 Data sizes:     COMMON   BANK0   BANK1   BANK2   BANK3   BANK4   BANK5   BANK6   BANK7   BANK8   BANK9  BANK10  BANK11  BANK12
      Params:         0       0       0       0       0       0       0       0       0       0       0       0       0       0
      Locals:         0       0       0       0       0       0       0       0       0       0       0       0       0       0
      Temps:          0       0       0       0       0       0       0       0       0       0       0       0       0       0
      Totals:         0       0       0       0       0       0       0       0       0       0       0       0       0       0
Total ram usage:        0 bytes
 Hardware stack levels used:    1
 This function calls:
		Nothing
 This function is called by:
		_uart
 This function uses a non-reentrant model



MODULE INFORMATION

Module		Function		Class		Link	Load	Size
16f1825_uart_lib.h
		_uart_write    		CODE           	0217	0000	8
		_uart_read     		CODE           	021E	0000	7
		_uart_init     		CODE           	01C5	0000	26
		_baudrate      		CODE           	01A8	0000	30

16f1825_uart_lib.h estimated size: 71

shared
		__initialization		CODE           	010A	0000	14
		_slave_number  		STRCODE        	0226	0000	3

shared estimated size: 17

Slave1.c
		_uart          		CODE           	0004	0000	261
		_main          		CODE           	011B	0000	92

Slave1.c estimated size: 353

16f1825_adc_lib.h
		_adc_pin_select		CODE           	0176	0000	51
		_adc_read      		CODE           	01F3	0000	21
		_adc_init      		CODE           	01DE	0000	22

16f1825_adc_lib.h estimated size: 94

